// Vitest Snapshot v1

exports[`ChildComponent.vue > Renders content on load > Fresh page snapshot 1`] = `
<div class="container" data-v-71c74cf1="">
  <h3 data-v-71c74cf1="">Child</h3>
  <p data-v-71c74cf1="">I am the default message</p>
  <hr data-v-71c74cf1=""><input type="text" data-v-71c74cf1=""><button data-v-71c74cf1="">emit message to parent!</button>
</div>
`;
